
Allocating common symbols
Common symbol       size              file

SysTickCnt          0x4               LedBlinky.o

Memory Configuration

Name             Origin             Length             Attributes
rom              0x0000000000000000 0x0000000000080000 xr
ram              0x0000000010000000 0x0000000000008000 xrw
ram1             0x000000002007c000 0x0000000000004000 xrw
ram2             0x0000000020080000 0x0000000000004000 xrw
*default*        0x0000000000000000 0xffffffffffffffff

Linker script and memory map

LOAD /usr/local/carlson-minot/crosscompilers/lib/gcc/arm-none-eabi/4.7.3/thumb2/crti.o
LOAD /usr/local/carlson-minot/crosscompilers/lib/gcc/arm-none-eabi/4.7.3/thumb2/crtbegin.o
LOAD LedBlinky.o
LOAD /Users/jalal/projects/arm/lpc17xx/luna/lpc17xx.cmsis.driver.library/Core/CM3/CoreSupport/core_cm3.o
LOAD /Users/jalal/projects/arm/lpc17xx/luna/lpc17xx.cmsis.driver.library/Core/CM3/DeviceSupport/NXP/LPC17xx/system_LPC17xx.o
LOAD /Users/jalal/projects/arm/lpc17xx/luna/lpc17xx.cmsis.driver.library/Core/CM3/DeviceSupport/NXP/LPC17xx/startup/gcc/startup_LPC17xx.o
LOAD /Users/jalal/projects/arm/lpc17xx/luna/lpc17xx.cmsis.driver.library/Drivers/source/debug_frmwrk.o
LOAD /Users/jalal/projects/arm/lpc17xx/luna/lpc17xx.cmsis.driver.library/Drivers/source/lpc17xx_adc.o
LOAD /Users/jalal/projects/arm/lpc17xx/luna/lpc17xx.cmsis.driver.library/Drivers/source/lpc17xx_can.o
LOAD /Users/jalal/projects/arm/lpc17xx/luna/lpc17xx.cmsis.driver.library/Drivers/source/lpc17xx_clkpwr.o
LOAD /Users/jalal/projects/arm/lpc17xx/luna/lpc17xx.cmsis.driver.library/Drivers/source/lpc17xx_dac.o
LOAD /Users/jalal/projects/arm/lpc17xx/luna/lpc17xx.cmsis.driver.library/Drivers/source/lpc17xx_emac.o
LOAD /Users/jalal/projects/arm/lpc17xx/luna/lpc17xx.cmsis.driver.library/Drivers/source/lpc17xx_exti.o
LOAD /Users/jalal/projects/arm/lpc17xx/luna/lpc17xx.cmsis.driver.library/Drivers/source/lpc17xx_gpdma.o
LOAD /Users/jalal/projects/arm/lpc17xx/luna/lpc17xx.cmsis.driver.library/Drivers/source/lpc17xx_gpio.o
LOAD /Users/jalal/projects/arm/lpc17xx/luna/lpc17xx.cmsis.driver.library/Drivers/source/lpc17xx_i2c.o
LOAD /Users/jalal/projects/arm/lpc17xx/luna/lpc17xx.cmsis.driver.library/Drivers/source/lpc17xx_i2s.o
LOAD /Users/jalal/projects/arm/lpc17xx/luna/lpc17xx.cmsis.driver.library/Drivers/source/lpc17xx_libcfg_default.o
LOAD /Users/jalal/projects/arm/lpc17xx/luna/lpc17xx.cmsis.driver.library/Drivers/source/lpc17xx_mcpwm.o
LOAD /Users/jalal/projects/arm/lpc17xx/luna/lpc17xx.cmsis.driver.library/Drivers/source/lpc17xx_nvic.o
LOAD /Users/jalal/projects/arm/lpc17xx/luna/lpc17xx.cmsis.driver.library/Drivers/source/lpc17xx_pinsel.o
LOAD /Users/jalal/projects/arm/lpc17xx/luna/lpc17xx.cmsis.driver.library/Drivers/source/lpc17xx_pwm.o
LOAD /Users/jalal/projects/arm/lpc17xx/luna/lpc17xx.cmsis.driver.library/Drivers/source/lpc17xx_qei.o
LOAD /Users/jalal/projects/arm/lpc17xx/luna/lpc17xx.cmsis.driver.library/Drivers/source/lpc17xx_rit.o
LOAD /Users/jalal/projects/arm/lpc17xx/luna/lpc17xx.cmsis.driver.library/Drivers/source/lpc17xx_rtc.o
LOAD /Users/jalal/projects/arm/lpc17xx/luna/lpc17xx.cmsis.driver.library/Drivers/source/lpc17xx_spi.o
LOAD /Users/jalal/projects/arm/lpc17xx/luna/lpc17xx.cmsis.driver.library/Drivers/source/lpc17xx_ssp.o
LOAD /Users/jalal/projects/arm/lpc17xx/luna/lpc17xx.cmsis.driver.library/Drivers/source/lpc17xx_systick.o
LOAD /Users/jalal/projects/arm/lpc17xx/luna/lpc17xx.cmsis.driver.library/Drivers/source/lpc17xx_timer.o
LOAD /Users/jalal/projects/arm/lpc17xx/luna/lpc17xx.cmsis.driver.library/Drivers/source/lpc17xx_uart.o
LOAD /Users/jalal/projects/arm/lpc17xx/luna/lpc17xx.cmsis.driver.library/Drivers/source/lpc17xx_wdt.o
START GROUP
LOAD /usr/local/carlson-minot/crosscompilers/arm-none-eabi/lib/thumb2/libc.a
LOAD /usr/local/carlson-minot/crosscompilers/arm-none-eabi/lib/thumb2/libg.a
LOAD /usr/local/carlson-minot/crosscompilers/arm-none-eabi/lib/thumb2/libstdc++.a
LOAD /usr/local/carlson-minot/crosscompilers/arm-none-eabi/lib/thumb2/libsupc++.a
LOAD /usr/local/carlson-minot/crosscompilers/lib/gcc/arm-none-eabi/4.7.3/thumb2/libgcc.a
LOAD /usr/local/carlson-minot/crosscompilers/arm-none-eabi/lib/thumb2/libm.a
END GROUP
                0x0000000010008000                PROVIDE (__cs3_stack, (__cs3_region_start_ram + __cs3_region_size_ram))
                0x0000000020007ff0                PROVIDE (__cs3_stack_size, ((__cs3_region_start_ram + __cs3_region_size_ram) - _end))
                0x0000000010000030                PROVIDE (__cs3_heap_start, _end)
                0x0000000010008000                PROVIDE (__cs3_heap_end, (__cs3_region_start_ram + __cs3_region_size_ram))

.text           0x0000000000000000     0x153c
 CREATE_OBJECT_SYMBOLS
                0x0000000000000000                __cs3_region_start_rom = .
 *(.cs3.region-head.rom)
                0x0000000000000000                __cs3_interrupt_vector = __cs3_interrupt_vector_cortex_m
 *(.cs3.interrupt_vector)
 .cs3.interrupt_vector
                0x0000000000000000       0xcc /Users/jalal/projects/arm/lpc17xx/luna/lpc17xx.cmsis.driver.library/Core/CM3/DeviceSupport/NXP/LPC17xx/startup/gcc/startup_LPC17xx.o
                0x0000000000000000                __cs3_interrupt_vector_cortex_m
                0x0000000000000001                ASSERT ((. != __cs3_interrupt_vector_cortex_m), No interrupt vector)
 *(.rom)
 *(.rom.b)
                0x00000000000000cc                __cs3_reset = __cs3_reset_cortex_m
 *(.cs3.reset)
 .cs3.reset     0x00000000000000cc       0x10 /Users/jalal/projects/arm/lpc17xx/luna/lpc17xx.cmsis.driver.library/Core/CM3/DeviceSupport/NXP/LPC17xx/startup/gcc/startup_LPC17xx.o
                0x00000000000000cc                __cs3_reset_cortex_m
                0x0000000000000001                ASSERT ((. != __cs3_reset), No reset code)
 *(.text .text.* .gnu.linkonce.t.*)
 .text          0x00000000000000dc        0x0 /usr/local/carlson-minot/crosscompilers/lib/gcc/arm-none-eabi/4.7.3/thumb2/crti.o
 .text          0x00000000000000dc       0xc8 /usr/local/carlson-minot/crosscompilers/lib/gcc/arm-none-eabi/4.7.3/thumb2/crtbegin.o
 .text          0x00000000000001a4        0x0 LedBlinky.o
 .text.NVIC_SetPriority
                0x00000000000001a4       0x58 LedBlinky.o
 .text.SysTick_Config
                0x00000000000001fc       0x54 LedBlinky.o
 .text.SysTick_Handler
                0x0000000000000250       0x1c LedBlinky.o
                0x0000000000000250                SysTick_Handler
 .text.Delay    0x000000000000026c       0x2c LedBlinky.o
                0x000000000000026c                Delay
 .text.c_entry  0x0000000000000298      0x110 LedBlinky.o
                0x0000000000000298                c_entry
 .text.main     0x00000000000003a8       0x10 LedBlinky.o
                0x00000000000003a8                main
 .text.check_failed
                0x00000000000003b8        0xc LedBlinky.o
                0x00000000000003b8                check_failed
 .text          0x00000000000003c4        0x0 /Users/jalal/projects/arm/lpc17xx/luna/lpc17xx.cmsis.driver.library/Core/CM3/CoreSupport/core_cm3.o
 .text          0x00000000000003c4        0x0 /Users/jalal/projects/arm/lpc17xx/luna/lpc17xx.cmsis.driver.library/Core/CM3/DeviceSupport/NXP/LPC17xx/system_LPC17xx.o
 .text.SystemCoreClockUpdate
                0x00000000000003c4      0x190 /Users/jalal/projects/arm/lpc17xx/luna/lpc17xx.cmsis.driver.library/Core/CM3/DeviceSupport/NXP/LPC17xx/system_LPC17xx.o
                0x00000000000003c4                SystemCoreClockUpdate
 .text.SystemInit
                0x0000000000000554      0x180 /Users/jalal/projects/arm/lpc17xx/luna/lpc17xx.cmsis.driver.library/Core/CM3/DeviceSupport/NXP/LPC17xx/system_LPC17xx.o
                0x0000000000000554                SystemInit
 .text          0x00000000000006d4       0x14 /Users/jalal/projects/arm/lpc17xx/luna/lpc17xx.cmsis.driver.library/Core/CM3/DeviceSupport/NXP/LPC17xx/startup/gcc/startup_LPC17xx.o
                0x00000000000006d4                NMI_Handler
                0x00000000000006d6                HardFault_Handler
                0x00000000000006d8                MemManage_Handler
                0x00000000000006da                BusFault_Handler
                0x00000000000006dc                UsageFault_Handler
                0x00000000000006de                SVC_Handler
                0x00000000000006e0                DebugMon_Handler
                0x00000000000006e2                PendSV_Handler
                0x00000000000006e6                EINT3_IRQHandler
                0x00000000000006e6                CANActivity_IRQHandler
                0x00000000000006e6                TIMER3_IRQHandler
                0x00000000000006e6                UART0_IRQHandler
                0x00000000000006e6                PLL0_IRQHandler
                0x00000000000006e6                CAN_IRQHandler
                0x00000000000006e6                PLL1_IRQHandler
                0x00000000000006e6                SSP0_IRQHandler
                0x00000000000006e6                I2S_IRQHandler
                0x00000000000006e6                I2C2_IRQHandler
                0x00000000000006e6                RTC_IRQHandler
                0x00000000000006e6                TIMER0_IRQHandler
                0x00000000000006e6                SPI_IRQHandler
                0x00000000000006e6                EINT1_IRQHandler
                0x00000000000006e6                TIMER1_IRQHandler
                0x00000000000006e6                UART2_IRQHandler
                0x00000000000006e6                Default_Handler
                0x00000000000006e6                ADC_IRQHandler
                0x00000000000006e6                SSP1_IRQHandler
                0x00000000000006e6                USB_IRQHandler
                0x00000000000006e6                BOD_IRQHandler
                0x00000000000006e6                WDT_IRQHandler
                0x00000000000006e6                QEI_IRQHandler
                0x00000000000006e6                EINT0_IRQHandler
                0x00000000000006e6                DMA_IRQHandler
                0x00000000000006e6                UART3_IRQHandler
                0x00000000000006e6                MCPWM_IRQHandler
                0x00000000000006e6                TIMER2_IRQHandler
                0x00000000000006e6                ENET_IRQHandler
                0x00000000000006e6                RIT_IRQHandler
                0x00000000000006e6                I2C0_IRQHandler
                0x00000000000006e6                USBActivity_IRQHandler
                0x00000000000006e6                PWM1_IRQHandler
                0x00000000000006e6                I2C1_IRQHandler
                0x00000000000006e6                EINT2_IRQHandler
                0x00000000000006e6                UART1_IRQHandler
 .text          0x00000000000006e8        0x0 /Users/jalal/projects/arm/lpc17xx/luna/lpc17xx.cmsis.driver.library/Drivers/source/debug_frmwrk.o
 .text          0x00000000000006e8        0x0 /Users/jalal/projects/arm/lpc17xx/luna/lpc17xx.cmsis.driver.library/Drivers/source/lpc17xx_adc.o
 .text          0x00000000000006e8        0x0 /Users/jalal/projects/arm/lpc17xx/luna/lpc17xx.cmsis.driver.library/Drivers/source/lpc17xx_can.o
 .text          0x00000000000006e8        0x0 /Users/jalal/projects/arm/lpc17xx/luna/lpc17xx.cmsis.driver.library/Drivers/source/lpc17xx_clkpwr.o
 .text.CLKPWR_SetPCLKDiv
                0x00000000000006e8       0x98 /Users/jalal/projects/arm/lpc17xx/luna/lpc17xx.cmsis.driver.library/Drivers/source/lpc17xx_clkpwr.o
                0x00000000000006e8                CLKPWR_SetPCLKDiv
 .text.CLKPWR_GetPCLKSEL
                0x0000000000000780       0x4c /Users/jalal/projects/arm/lpc17xx/luna/lpc17xx.cmsis.driver.library/Drivers/source/lpc17xx_clkpwr.o
                0x0000000000000780                CLKPWR_GetPCLKSEL
 .text.CLKPWR_GetPCLK
                0x00000000000007cc       0x70 /Users/jalal/projects/arm/lpc17xx/luna/lpc17xx.cmsis.driver.library/Drivers/source/lpc17xx_clkpwr.o
                0x00000000000007cc                CLKPWR_GetPCLK
 .text.CLKPWR_ConfigPPWR
                0x000000000000083c       0x58 /Users/jalal/projects/arm/lpc17xx/luna/lpc17xx.cmsis.driver.library/Drivers/source/lpc17xx_clkpwr.o
                0x000000000000083c                CLKPWR_ConfigPPWR
 .text.CLKPWR_Sleep
                0x0000000000000894       0x1c /Users/jalal/projects/arm/lpc17xx/luna/lpc17xx.cmsis.driver.library/Drivers/source/lpc17xx_clkpwr.o
                0x0000000000000894                CLKPWR_Sleep
 .text.CLKPWR_DeepSleep
                0x00000000000008b0       0x28 /Users/jalal/projects/arm/lpc17xx/luna/lpc17xx.cmsis.driver.library/Drivers/source/lpc17xx_clkpwr.o
                0x00000000000008b0                CLKPWR_DeepSleep
 .text.CLKPWR_PowerDown
                0x00000000000008d8       0x28 /Users/jalal/projects/arm/lpc17xx/luna/lpc17xx.cmsis.driver.library/Drivers/source/lpc17xx_clkpwr.o
                0x00000000000008d8                CLKPWR_PowerDown
 .text.CLKPWR_DeepPowerDown
                0x0000000000000900       0x28 /Users/jalal/projects/arm/lpc17xx/luna/lpc17xx.cmsis.driver.library/Drivers/source/lpc17xx_clkpwr.o
                0x0000000000000900                CLKPWR_DeepPowerDown
 .text          0x0000000000000928        0x0 /Users/jalal/projects/arm/lpc17xx/luna/lpc17xx.cmsis.driver.library/Drivers/source/lpc17xx_dac.o
 .text          0x0000000000000928        0x0 /Users/jalal/projects/arm/lpc17xx/luna/lpc17xx.cmsis.driver.library/Drivers/source/lpc17xx_emac.o
 .text          0x0000000000000928        0x0 /Users/jalal/projects/arm/lpc17xx/luna/lpc17xx.cmsis.driver.library/Drivers/source/lpc17xx_exti.o
 .text          0x0000000000000928        0x0 /Users/jalal/projects/arm/lpc17xx/luna/lpc17xx.cmsis.driver.library/Drivers/source/lpc17xx_gpdma.o
 .text          0x0000000000000928        0x0 /Users/jalal/projects/arm/lpc17xx/luna/lpc17xx.cmsis.driver.library/Drivers/source/lpc17xx_gpio.o
 .text.GPIO_GetPointer
                0x0000000000000928       0x74 /Users/jalal/projects/arm/lpc17xx/luna/lpc17xx.cmsis.driver.library/Drivers/source/lpc17xx_gpio.o
 .text.FIO_HalfWordGetPointer
                0x000000000000099c       0x74 /Users/jalal/projects/arm/lpc17xx/luna/lpc17xx.cmsis.driver.library/Drivers/source/lpc17xx_gpio.o
 .text.FIO_ByteGetPointer
                0x0000000000000a10       0x74 /Users/jalal/projects/arm/lpc17xx/luna/lpc17xx.cmsis.driver.library/Drivers/source/lpc17xx_gpio.o
 .text.GPIO_SetDir
                0x0000000000000a84       0x4c /Users/jalal/projects/arm/lpc17xx/luna/lpc17xx.cmsis.driver.library/Drivers/source/lpc17xx_gpio.o
                0x0000000000000a84                GPIO_SetDir
 .text.GPIO_SetValue
                0x0000000000000ad0       0x2c /Users/jalal/projects/arm/lpc17xx/luna/lpc17xx.cmsis.driver.library/Drivers/source/lpc17xx_gpio.o
                0x0000000000000ad0                GPIO_SetValue
 .text.GPIO_ClearValue
                0x0000000000000afc       0x2c /Users/jalal/projects/arm/lpc17xx/luna/lpc17xx.cmsis.driver.library/Drivers/source/lpc17xx_gpio.o
                0x0000000000000afc                GPIO_ClearValue
 .text.GPIO_ReadValue
                0x0000000000000b28       0x30 /Users/jalal/projects/arm/lpc17xx/luna/lpc17xx.cmsis.driver.library/Drivers/source/lpc17xx_gpio.o
                0x0000000000000b28                GPIO_ReadValue
 .text.GPIO_IntCmd
                0x0000000000000b58       0x70 /Users/jalal/projects/arm/lpc17xx/luna/lpc17xx.cmsis.driver.library/Drivers/source/lpc17xx_gpio.o
                0x0000000000000b58                GPIO_IntCmd
 .text.GPIO_GetIntStatus
                0x0000000000000bc8       0xa4 /Users/jalal/projects/arm/lpc17xx/luna/lpc17xx.cmsis.driver.library/Drivers/source/lpc17xx_gpio.o
                0x0000000000000bc8                GPIO_GetIntStatus
 .text.GPIO_ClearInt
                0x0000000000000c6c       0x38 /Users/jalal/projects/arm/lpc17xx/luna/lpc17xx.cmsis.driver.library/Drivers/source/lpc17xx_gpio.o
                0x0000000000000c6c                GPIO_ClearInt
 .text.FIO_SetDir
                0x0000000000000ca4       0x28 /Users/jalal/projects/arm/lpc17xx/luna/lpc17xx.cmsis.driver.library/Drivers/source/lpc17xx_gpio.o
                0x0000000000000ca4                FIO_SetDir
 .text.FIO_SetValue
                0x0000000000000ccc       0x20 /Users/jalal/projects/arm/lpc17xx/luna/lpc17xx.cmsis.driver.library/Drivers/source/lpc17xx_gpio.o
                0x0000000000000ccc                FIO_SetValue
 .text.FIO_ClearValue
                0x0000000000000cec       0x20 /Users/jalal/projects/arm/lpc17xx/luna/lpc17xx.cmsis.driver.library/Drivers/source/lpc17xx_gpio.o
                0x0000000000000cec                FIO_ClearValue
 .text.FIO_ReadValue
                0x0000000000000d0c       0x20 /Users/jalal/projects/arm/lpc17xx/luna/lpc17xx.cmsis.driver.library/Drivers/source/lpc17xx_gpio.o
                0x0000000000000d0c                FIO_ReadValue
 .text.FIO_IntCmd
                0x0000000000000d2c       0x28 /Users/jalal/projects/arm/lpc17xx/luna/lpc17xx.cmsis.driver.library/Drivers/source/lpc17xx_gpio.o
                0x0000000000000d2c                FIO_IntCmd
 .text.FIO_GetIntStatus
                0x0000000000000d54       0x2c /Users/jalal/projects/arm/lpc17xx/luna/lpc17xx.cmsis.driver.library/Drivers/source/lpc17xx_gpio.o
                0x0000000000000d54                FIO_GetIntStatus
 .text.FIO_ClearInt
                0x0000000000000d80       0x20 /Users/jalal/projects/arm/lpc17xx/luna/lpc17xx.cmsis.driver.library/Drivers/source/lpc17xx_gpio.o
                0x0000000000000d80                FIO_ClearInt
 .text.FIO_SetMask
                0x0000000000000da0       0x4c /Users/jalal/projects/arm/lpc17xx/luna/lpc17xx.cmsis.driver.library/Drivers/source/lpc17xx_gpio.o
                0x0000000000000da0                FIO_SetMask
 .text.FIO_HalfWordSetDir
                0x0000000000000dec       0x94 /Users/jalal/projects/arm/lpc17xx/luna/lpc17xx.cmsis.driver.library/Drivers/source/lpc17xx_gpio.o
                0x0000000000000dec                FIO_HalfWordSetDir
 .text.FIO_HalfWordSetMask
                0x0000000000000e80       0x94 /Users/jalal/projects/arm/lpc17xx/luna/lpc17xx.cmsis.driver.library/Drivers/source/lpc17xx_gpio.o
                0x0000000000000e80                FIO_HalfWordSetMask
 .text.FIO_HalfWordSetValue
                0x0000000000000f14       0x40 /Users/jalal/projects/arm/lpc17xx/luna/lpc17xx.cmsis.driver.library/Drivers/source/lpc17xx_gpio.o
                0x0000000000000f14                FIO_HalfWordSetValue
 .text.FIO_HalfWordClearValue
                0x0000000000000f54       0x40 /Users/jalal/projects/arm/lpc17xx/luna/lpc17xx.cmsis.driver.library/Drivers/source/lpc17xx_gpio.o
                0x0000000000000f54                FIO_HalfWordClearValue
 .text.FIO_HalfWordReadValue
                0x0000000000000f94       0x44 /Users/jalal/projects/arm/lpc17xx/luna/lpc17xx.cmsis.driver.library/Drivers/source/lpc17xx_gpio.o
                0x0000000000000f94                FIO_HalfWordReadValue
 .text.FIO_ByteSetDir
                0x0000000000000fd8       0x6c /Users/jalal/projects/arm/lpc17xx/luna/lpc17xx.cmsis.driver.library/Drivers/source/lpc17xx_gpio.o
                0x0000000000000fd8                FIO_ByteSetDir
 .text.FIO_ByteSetMask
                0x0000000000001044       0x74 /Users/jalal/projects/arm/lpc17xx/luna/lpc17xx.cmsis.driver.library/Drivers/source/lpc17xx_gpio.o
                0x0000000000001044                FIO_ByteSetMask
 .text.FIO_ByteSetValue
                0x00000000000010b8       0x3c /Users/jalal/projects/arm/lpc17xx/luna/lpc17xx.cmsis.driver.library/Drivers/source/lpc17xx_gpio.o
                0x00000000000010b8                FIO_ByteSetValue
 .text.FIO_ByteClearValue
                0x00000000000010f4       0x3c /Users/jalal/projects/arm/lpc17xx/luna/lpc17xx.cmsis.driver.library/Drivers/source/lpc17xx_gpio.o
                0x00000000000010f4                FIO_ByteClearValue
 .text.FIO_ByteReadValue
                0x0000000000001130       0x40 /Users/jalal/projects/arm/lpc17xx/luna/lpc17xx.cmsis.driver.library/Drivers/source/lpc17xx_gpio.o
                0x0000000000001130                FIO_ByteReadValue
 .text          0x0000000000001170        0x0 /Users/jalal/projects/arm/lpc17xx/luna/lpc17xx.cmsis.driver.library/Drivers/source/lpc17xx_i2c.o
 .text          0x0000000000001170        0x0 /Users/jalal/projects/arm/lpc17xx/luna/lpc17xx.cmsis.driver.library/Drivers/source/lpc17xx_i2s.o
 .text          0x0000000000001170        0x0 /Users/jalal/projects/arm/lpc17xx/luna/lpc17xx.cmsis.driver.library/Drivers/source/lpc17xx_libcfg_default.o
 .text          0x0000000000001170        0x0 /Users/jalal/projects/arm/lpc17xx/luna/lpc17xx.cmsis.driver.library/Drivers/source/lpc17xx_mcpwm.o
 .text          0x0000000000001170        0x0 /Users/jalal/projects/arm/lpc17xx/luna/lpc17xx.cmsis.driver.library/Drivers/source/lpc17xx_nvic.o
 .text.NVIC_DeInit
                0x0000000000001170       0x60 /Users/jalal/projects/arm/lpc17xx/luna/lpc17xx.cmsis.driver.library/Drivers/source/lpc17xx_nvic.o
                0x0000000000001170                NVIC_DeInit
 .text.NVIC_SCBDeInit
                0x00000000000011d0       0x80 /Users/jalal/projects/arm/lpc17xx/luna/lpc17xx.cmsis.driver.library/Drivers/source/lpc17xx_nvic.o
                0x00000000000011d0                NVIC_SCBDeInit
 .text.NVIC_SetVTOR
                0x0000000000001250       0x1c /Users/jalal/projects/arm/lpc17xx/luna/lpc17xx.cmsis.driver.library/Drivers/source/lpc17xx_nvic.o
                0x0000000000001250                NVIC_SetVTOR
 .text          0x000000000000126c        0x0 /Users/jalal/projects/arm/lpc17xx/luna/lpc17xx.cmsis.driver.library/Drivers/source/lpc17xx_pinsel.o
 .text.set_PinFunc
                0x000000000000126c       0x98 /Users/jalal/projects/arm/lpc17xx/luna/lpc17xx.cmsis.driver.library/Drivers/source/lpc17xx_pinsel.o
 .text.set_ResistorMode
                0x0000000000001304       0x98 /Users/jalal/projects/arm/lpc17xx/luna/lpc17xx.cmsis.driver.library/Drivers/source/lpc17xx_pinsel.o
 .text.set_OpenDrainMode
                0x000000000000139c       0x78 /Users/jalal/projects/arm/lpc17xx/luna/lpc17xx.cmsis.driver.library/Drivers/source/lpc17xx_pinsel.o
 .text.PINSEL_ConfigTraceFunc
                0x0000000000001414       0x40 /Users/jalal/projects/arm/lpc17xx/luna/lpc17xx.cmsis.driver.library/Drivers/source/lpc17xx_pinsel.o
                0x0000000000001414                PINSEL_ConfigTraceFunc
 .text.PINSEL_SetI2C0Pins
                0x0000000000001454       0x3c /Users/jalal/projects/arm/lpc17xx/luna/lpc17xx.cmsis.driver.library/Drivers/source/lpc17xx_pinsel.o
                0x0000000000001454                PINSEL_SetI2C0Pins
 .text.PINSEL_ConfigPin
                0x0000000000001490       0x54 /Users/jalal/projects/arm/lpc17xx/luna/lpc17xx.cmsis.driver.library/Drivers/source/lpc17xx_pinsel.o
                0x0000000000001490                PINSEL_ConfigPin
 .text          0x00000000000014e4        0x0 /Users/jalal/projects/arm/lpc17xx/luna/lpc17xx.cmsis.driver.library/Drivers/source/lpc17xx_pwm.o
 .text          0x00000000000014e4        0x0 /Users/jalal/projects/arm/lpc17xx/luna/lpc17xx.cmsis.driver.library/Drivers/source/lpc17xx_qei.o
 .text          0x00000000000014e4        0x0 /Users/jalal/projects/arm/lpc17xx/luna/lpc17xx.cmsis.driver.library/Drivers/source/lpc17xx_rit.o
 .text          0x00000000000014e4        0x0 /Users/jalal/projects/arm/lpc17xx/luna/lpc17xx.cmsis.driver.library/Drivers/source/lpc17xx_rtc.o
 .text          0x00000000000014e4        0x0 /Users/jalal/projects/arm/lpc17xx/luna/lpc17xx.cmsis.driver.library/Drivers/source/lpc17xx_spi.o
 .text          0x00000000000014e4        0x0 /Users/jalal/projects/arm/lpc17xx/luna/lpc17xx.cmsis.driver.library/Drivers/source/lpc17xx_ssp.o
 .text          0x00000000000014e4        0x0 /Users/jalal/projects/arm/lpc17xx/luna/lpc17xx.cmsis.driver.library/Drivers/source/lpc17xx_systick.o
 .text          0x00000000000014e4        0x0 /Users/jalal/projects/arm/lpc17xx/luna/lpc17xx.cmsis.driver.library/Drivers/source/lpc17xx_timer.o
 .text          0x00000000000014e4        0x0 /Users/jalal/projects/arm/lpc17xx/luna/lpc17xx.cmsis.driver.library/Drivers/source/lpc17xx_uart.o
 .text          0x00000000000014e4        0x0 /Users/jalal/projects/arm/lpc17xx/luna/lpc17xx.cmsis.driver.library/Drivers/source/lpc17xx_wdt.o
 .text          0x00000000000014e4        0x0 /usr/local/carlson-minot/crosscompilers/lib/gcc/arm-none-eabi/4.7.3/thumb2/crtend.o
 .text          0x00000000000014e4        0x0 /usr/local/carlson-minot/crosscompilers/lib/gcc/arm-none-eabi/4.7.3/thumb2/crtn.o
 *(.plt)
 *(.gnu.warning)
 *(.glue_7t)
 .glue_7t       0x0000000000000000        0x0 linker stubs
 *(.glue_7)
 .glue_7        0x0000000000000000        0x0 linker stubs
 *(.vfp11_veneer)
 .vfp11_veneer  0x0000000000000000        0x0 linker stubs
 *(.rodata .rodata.* .gnu.linkonce.r.*)
 .rodata.led_mask
                0x00000000000014e4       0x20 LedBlinky.o
                0x00000000000014e4                led_mask
 *(.ARM.extab* .gnu.linkonce.armextab.*)
 .ARM.extab.cs3.reset
                0x0000000000001504        0x0 /Users/jalal/projects/arm/lpc17xx/luna/lpc17xx.cmsis.driver.library/Core/CM3/DeviceSupport/NXP/LPC17xx/startup/gcc/startup_LPC17xx.o
 *(.gcc_except_table)
 *(.eh_frame_hdr)
 *(.eh_frame)
 .eh_frame      0x0000000000001504        0x0 /usr/local/carlson-minot/crosscompilers/lib/gcc/arm-none-eabi/4.7.3/thumb2/crtbegin.o
 .eh_frame      0x0000000000001504        0x4 /usr/local/carlson-minot/crosscompilers/lib/gcc/arm-none-eabi/4.7.3/thumb2/crtend.o
                0x0000000000001508                . = ALIGN (0x4)
 *(.init)
 .init          0x0000000000001508        0x4 /usr/local/carlson-minot/crosscompilers/lib/gcc/arm-none-eabi/4.7.3/thumb2/crti.o
                0x0000000000001508                _init
 .init          0x000000000000150c        0x8 /usr/local/carlson-minot/crosscompilers/lib/gcc/arm-none-eabi/4.7.3/thumb2/crtn.o
                0x0000000000001514                . = ALIGN (0x4)
                0x0000000000001514                __preinit_array_start = .
 *(.preinit_array)
                0x0000000000001514                __preinit_array_end = .
                0x0000000000001514                . = ALIGN (0x4)
                0x0000000000001514                __init_array_start = .
 *(SORT(.init_array.*))
 *(.init_array)
 .init_array    0x0000000000001514        0x4 /usr/local/carlson-minot/crosscompilers/lib/gcc/arm-none-eabi/4.7.3/thumb2/crtbegin.o
                0x0000000000001518                __init_array_end = .
                0x0000000000001518                . = ALIGN (0x4)
 *crtbegin.o(.ctors)
 *(EXCLUDE_FILE(*crtend.o) .ctors)
 *(SORT(.ctors.*))
 *crtend.o(.ctors)
                0x0000000000001518                . = ALIGN (0x4)
 *(.fini)
 .fini          0x0000000000001518        0x4 /usr/local/carlson-minot/crosscompilers/lib/gcc/arm-none-eabi/4.7.3/thumb2/crti.o
                0x0000000000001518                _fini
 .fini          0x000000000000151c        0x8 /usr/local/carlson-minot/crosscompilers/lib/gcc/arm-none-eabi/4.7.3/thumb2/crtn.o
                0x0000000000001524                . = ALIGN (0x4)
                0x0000000000001524                __fini_array_start = .
 *(.fini_array)
 .fini_array    0x0000000000001524        0x4 /usr/local/carlson-minot/crosscompilers/lib/gcc/arm-none-eabi/4.7.3/thumb2/crtbegin.o
 *(SORT(.fini_array.*))
                0x0000000000001528                __fini_array_end = .
 *crtbegin.o(.dtors)
 *(EXCLUDE_FILE(*crtend.o) .dtors)
 *(SORT(.dtors.*))
 *crtend.o(.dtors)
                0x0000000000001528                . = ALIGN (0x4)
                0x0000000000001528                __cs3_regions = .
                0x0000000000001528        0x4 LONG 0x0
                0x000000000000152c        0x4 LONG 0x1548 __cs3_region_init_ram
                0x0000000000001530        0x4 LONG 0x10000000 __cs3_region_start_ram
                0x0000000000001534        0x4 LONG 0x10 __cs3_region_init_size_ram
                0x0000000000001538        0x4 LONG 0x20 __cs3_region_zero_size_ram
                0x000000000000153c                __exidx_start = .

.v4_bx          0x000000000000153c        0x0
 .v4_bx         0x0000000000000000        0x0 linker stubs

.iplt           0x000000000000153c        0x0
 .iplt          0x0000000000000000        0x0 /usr/local/carlson-minot/crosscompilers/lib/gcc/arm-none-eabi/4.7.3/thumb2/crtbegin.o

.ARM.exidx      0x000000000000153c        0x8
 *(.ARM.exidx* .gnu.linkonce.armexidx.*)
 .ARM.exidx.cs3.reset
                0x000000000000153c        0x8 /Users/jalal/projects/arm/lpc17xx/luna/lpc17xx.cmsis.driver.library/Core/CM3/DeviceSupport/NXP/LPC17xx/startup/gcc/startup_LPC17xx.o
                0x0000000000001544                __exidx_end = .

.rel.dyn        0x0000000000001544        0x0
 .rel.iplt      0x0000000000000000        0x0 /usr/local/carlson-minot/crosscompilers/lib/gcc/arm-none-eabi/4.7.3/thumb2/crtbegin.o

.text.align     0x0000000000001544        0x4
                0x0000000000001548                . = ALIGN (0x8)
 *fill*         0x0000000000001544        0x4 
                0x0000000000001548                _etext = .
                0x0000000000080000                __cs3_region_size_rom = 0x80000
                0x0000000000000001                __cs3_region_num = 0x1

.data           0x0000000010000000       0x10 load address 0x0000000000001548
                0x0000000010000000                __cs3_region_start_ram = .
 *(.cs3.region-head.ram)
 *(.jcr)
 .jcr           0x0000000010000000        0x0 /usr/local/carlson-minot/crosscompilers/lib/gcc/arm-none-eabi/4.7.3/thumb2/crtbegin.o
 .jcr           0x0000000010000000        0x4 /usr/local/carlson-minot/crosscompilers/lib/gcc/arm-none-eabi/4.7.3/thumb2/crtend.o
 *(.got.plt)
 *(.got)
 *(.shdata)
 *(.data .data.* .gnu.linkonce.d.*)
 .data          0x0000000010000004        0x0 /usr/local/carlson-minot/crosscompilers/lib/gcc/arm-none-eabi/4.7.3/thumb2/crti.o
 .data          0x0000000010000004        0x4 /usr/local/carlson-minot/crosscompilers/lib/gcc/arm-none-eabi/4.7.3/thumb2/crtbegin.o
                0x0000000010000004                __dso_handle
 .data          0x0000000010000008        0x0 LedBlinky.o
 .data          0x0000000010000008        0x0 /Users/jalal/projects/arm/lpc17xx/luna/lpc17xx.cmsis.driver.library/Core/CM3/CoreSupport/core_cm3.o
 .data          0x0000000010000008        0x0 /Users/jalal/projects/arm/lpc17xx/luna/lpc17xx.cmsis.driver.library/Core/CM3/DeviceSupport/NXP/LPC17xx/system_LPC17xx.o
 .data.SystemCoreClock
                0x0000000010000008        0x4 /Users/jalal/projects/arm/lpc17xx/luna/lpc17xx.cmsis.driver.library/Core/CM3/DeviceSupport/NXP/LPC17xx/system_LPC17xx.o
                0x0000000010000008                SystemCoreClock
 .data          0x000000001000000c        0x0 /Users/jalal/projects/arm/lpc17xx/luna/lpc17xx.cmsis.driver.library/Core/CM3/DeviceSupport/NXP/LPC17xx/startup/gcc/startup_LPC17xx.o
 .data          0x000000001000000c        0x0 /Users/jalal/projects/arm/lpc17xx/luna/lpc17xx.cmsis.driver.library/Drivers/source/debug_frmwrk.o
 .data          0x000000001000000c        0x0 /Users/jalal/projects/arm/lpc17xx/luna/lpc17xx.cmsis.driver.library/Drivers/source/lpc17xx_adc.o
 .data          0x000000001000000c        0x0 /Users/jalal/projects/arm/lpc17xx/luna/lpc17xx.cmsis.driver.library/Drivers/source/lpc17xx_can.o
 .data          0x000000001000000c        0x0 /Users/jalal/projects/arm/lpc17xx/luna/lpc17xx.cmsis.driver.library/Drivers/source/lpc17xx_clkpwr.o
 .data          0x000000001000000c        0x0 /Users/jalal/projects/arm/lpc17xx/luna/lpc17xx.cmsis.driver.library/Drivers/source/lpc17xx_dac.o
 .data          0x000000001000000c        0x0 /Users/jalal/projects/arm/lpc17xx/luna/lpc17xx.cmsis.driver.library/Drivers/source/lpc17xx_emac.o
 .data          0x000000001000000c        0x0 /Users/jalal/projects/arm/lpc17xx/luna/lpc17xx.cmsis.driver.library/Drivers/source/lpc17xx_exti.o
 .data          0x000000001000000c        0x0 /Users/jalal/projects/arm/lpc17xx/luna/lpc17xx.cmsis.driver.library/Drivers/source/lpc17xx_gpdma.o
 .data          0x000000001000000c        0x0 /Users/jalal/projects/arm/lpc17xx/luna/lpc17xx.cmsis.driver.library/Drivers/source/lpc17xx_gpio.o
 .data          0x000000001000000c        0x0 /Users/jalal/projects/arm/lpc17xx/luna/lpc17xx.cmsis.driver.library/Drivers/source/lpc17xx_i2c.o
 .data          0x000000001000000c        0x0 /Users/jalal/projects/arm/lpc17xx/luna/lpc17xx.cmsis.driver.library/Drivers/source/lpc17xx_i2s.o
 .data          0x000000001000000c        0x0 /Users/jalal/projects/arm/lpc17xx/luna/lpc17xx.cmsis.driver.library/Drivers/source/lpc17xx_libcfg_default.o
 .data          0x000000001000000c        0x0 /Users/jalal/projects/arm/lpc17xx/luna/lpc17xx.cmsis.driver.library/Drivers/source/lpc17xx_mcpwm.o
 .data          0x000000001000000c        0x0 /Users/jalal/projects/arm/lpc17xx/luna/lpc17xx.cmsis.driver.library/Drivers/source/lpc17xx_nvic.o
 .data          0x000000001000000c        0x0 /Users/jalal/projects/arm/lpc17xx/luna/lpc17xx.cmsis.driver.library/Drivers/source/lpc17xx_pinsel.o
 .data          0x000000001000000c        0x0 /Users/jalal/projects/arm/lpc17xx/luna/lpc17xx.cmsis.driver.library/Drivers/source/lpc17xx_pwm.o
 .data          0x000000001000000c        0x0 /Users/jalal/projects/arm/lpc17xx/luna/lpc17xx.cmsis.driver.library/Drivers/source/lpc17xx_qei.o
 .data          0x000000001000000c        0x0 /Users/jalal/projects/arm/lpc17xx/luna/lpc17xx.cmsis.driver.library/Drivers/source/lpc17xx_rit.o
 .data          0x000000001000000c        0x0 /Users/jalal/projects/arm/lpc17xx/luna/lpc17xx.cmsis.driver.library/Drivers/source/lpc17xx_rtc.o
 .data          0x000000001000000c        0x0 /Users/jalal/projects/arm/lpc17xx/luna/lpc17xx.cmsis.driver.library/Drivers/source/lpc17xx_spi.o
 .data          0x000000001000000c        0x0 /Users/jalal/projects/arm/lpc17xx/luna/lpc17xx.cmsis.driver.library/Drivers/source/lpc17xx_ssp.o
 .data          0x000000001000000c        0x0 /Users/jalal/projects/arm/lpc17xx/luna/lpc17xx.cmsis.driver.library/Drivers/source/lpc17xx_systick.o
 .data          0x000000001000000c        0x0 /Users/jalal/projects/arm/lpc17xx/luna/lpc17xx.cmsis.driver.library/Drivers/source/lpc17xx_timer.o
 .data          0x000000001000000c        0x0 /Users/jalal/projects/arm/lpc17xx/luna/lpc17xx.cmsis.driver.library/Drivers/source/lpc17xx_uart.o
 .data          0x000000001000000c        0x0 /Users/jalal/projects/arm/lpc17xx/luna/lpc17xx.cmsis.driver.library/Drivers/source/lpc17xx_wdt.o
 .data          0x000000001000000c        0x0 /usr/local/carlson-minot/crosscompilers/lib/gcc/arm-none-eabi/4.7.3/thumb2/crtend.o
 .data          0x000000001000000c        0x0 /usr/local/carlson-minot/crosscompilers/lib/gcc/arm-none-eabi/4.7.3/thumb2/crtn.o
 *(.ram)
                0x0000000010000010                . = ALIGN (0x8)
 *fill*         0x000000001000000c        0x4 
                0x0000000010000010                _edata = .

.tm_clone_table
                0x0000000010000010        0x0 load address 0x0000000000001558
 .tm_clone_table
                0x0000000010000010        0x0 /usr/local/carlson-minot/crosscompilers/lib/gcc/arm-none-eabi/4.7.3/thumb2/crtbegin.o
 .tm_clone_table
                0x0000000010000010        0x0 /usr/local/carlson-minot/crosscompilers/lib/gcc/arm-none-eabi/4.7.3/thumb2/crtend.o

.igot.plt       0x0000000010000010        0x0 load address 0x0000000000001558
 .igot.plt      0x0000000000000000        0x0 /usr/local/carlson-minot/crosscompilers/lib/gcc/arm-none-eabi/4.7.3/thumb2/crtbegin.o

.bss            0x0000000010000010       0x20 load address 0x0000000000001558
 *(.shbss)
 *(.bss .bss.* .gnu.linkonce.b.*)
 .bss           0x0000000010000010        0x0 /usr/local/carlson-minot/crosscompilers/lib/gcc/arm-none-eabi/4.7.3/thumb2/crti.o
 .bss           0x0000000010000010       0x1c /usr/local/carlson-minot/crosscompilers/lib/gcc/arm-none-eabi/4.7.3/thumb2/crtbegin.o
 .bss           0x000000001000002c        0x0 LedBlinky.o
 .bss           0x000000001000002c        0x0 /Users/jalal/projects/arm/lpc17xx/luna/lpc17xx.cmsis.driver.library/Core/CM3/CoreSupport/core_cm3.o
 .bss           0x000000001000002c        0x0 /Users/jalal/projects/arm/lpc17xx/luna/lpc17xx.cmsis.driver.library/Core/CM3/DeviceSupport/NXP/LPC17xx/system_LPC17xx.o
 .bss           0x000000001000002c        0x0 /Users/jalal/projects/arm/lpc17xx/luna/lpc17xx.cmsis.driver.library/Core/CM3/DeviceSupport/NXP/LPC17xx/startup/gcc/startup_LPC17xx.o
 .bss           0x000000001000002c        0x0 /Users/jalal/projects/arm/lpc17xx/luna/lpc17xx.cmsis.driver.library/Drivers/source/debug_frmwrk.o
 .bss           0x000000001000002c        0x0 /Users/jalal/projects/arm/lpc17xx/luna/lpc17xx.cmsis.driver.library/Drivers/source/lpc17xx_adc.o
 .bss           0x000000001000002c        0x0 /Users/jalal/projects/arm/lpc17xx/luna/lpc17xx.cmsis.driver.library/Drivers/source/lpc17xx_can.o
 .bss           0x000000001000002c        0x0 /Users/jalal/projects/arm/lpc17xx/luna/lpc17xx.cmsis.driver.library/Drivers/source/lpc17xx_clkpwr.o
 .bss           0x000000001000002c        0x0 /Users/jalal/projects/arm/lpc17xx/luna/lpc17xx.cmsis.driver.library/Drivers/source/lpc17xx_dac.o
 .bss           0x000000001000002c        0x0 /Users/jalal/projects/arm/lpc17xx/luna/lpc17xx.cmsis.driver.library/Drivers/source/lpc17xx_emac.o
 .bss           0x000000001000002c        0x0 /Users/jalal/projects/arm/lpc17xx/luna/lpc17xx.cmsis.driver.library/Drivers/source/lpc17xx_exti.o
 .bss           0x000000001000002c        0x0 /Users/jalal/projects/arm/lpc17xx/luna/lpc17xx.cmsis.driver.library/Drivers/source/lpc17xx_gpdma.o
 .bss           0x000000001000002c        0x0 /Users/jalal/projects/arm/lpc17xx/luna/lpc17xx.cmsis.driver.library/Drivers/source/lpc17xx_gpio.o
 .bss           0x000000001000002c        0x0 /Users/jalal/projects/arm/lpc17xx/luna/lpc17xx.cmsis.driver.library/Drivers/source/lpc17xx_i2c.o
 .bss           0x000000001000002c        0x0 /Users/jalal/projects/arm/lpc17xx/luna/lpc17xx.cmsis.driver.library/Drivers/source/lpc17xx_i2s.o
 .bss           0x000000001000002c        0x0 /Users/jalal/projects/arm/lpc17xx/luna/lpc17xx.cmsis.driver.library/Drivers/source/lpc17xx_libcfg_default.o
 .bss           0x000000001000002c        0x0 /Users/jalal/projects/arm/lpc17xx/luna/lpc17xx.cmsis.driver.library/Drivers/source/lpc17xx_mcpwm.o
 .bss           0x000000001000002c        0x0 /Users/jalal/projects/arm/lpc17xx/luna/lpc17xx.cmsis.driver.library/Drivers/source/lpc17xx_nvic.o
 .bss           0x000000001000002c        0x0 /Users/jalal/projects/arm/lpc17xx/luna/lpc17xx.cmsis.driver.library/Drivers/source/lpc17xx_pinsel.o
 .bss           0x000000001000002c        0x0 /Users/jalal/projects/arm/lpc17xx/luna/lpc17xx.cmsis.driver.library/Drivers/source/lpc17xx_pwm.o
 .bss           0x000000001000002c        0x0 /Users/jalal/projects/arm/lpc17xx/luna/lpc17xx.cmsis.driver.library/Drivers/source/lpc17xx_qei.o
 .bss           0x000000001000002c        0x0 /Users/jalal/projects/arm/lpc17xx/luna/lpc17xx.cmsis.driver.library/Drivers/source/lpc17xx_rit.o
 .bss           0x000000001000002c        0x0 /Users/jalal/projects/arm/lpc17xx/luna/lpc17xx.cmsis.driver.library/Drivers/source/lpc17xx_rtc.o
 .bss           0x000000001000002c        0x0 /Users/jalal/projects/arm/lpc17xx/luna/lpc17xx.cmsis.driver.library/Drivers/source/lpc17xx_spi.o
 .bss           0x000000001000002c        0x0 /Users/jalal/projects/arm/lpc17xx/luna/lpc17xx.cmsis.driver.library/Drivers/source/lpc17xx_ssp.o
 .bss           0x000000001000002c        0x0 /Users/jalal/projects/arm/lpc17xx/luna/lpc17xx.cmsis.driver.library/Drivers/source/lpc17xx_systick.o
 .bss           0x000000001000002c        0x0 /Users/jalal/projects/arm/lpc17xx/luna/lpc17xx.cmsis.driver.library/Drivers/source/lpc17xx_timer.o
 .bss           0x000000001000002c        0x0 /Users/jalal/projects/arm/lpc17xx/luna/lpc17xx.cmsis.driver.library/Drivers/source/lpc17xx_uart.o
 .bss           0x000000001000002c        0x0 /Users/jalal/projects/arm/lpc17xx/luna/lpc17xx.cmsis.driver.library/Drivers/source/lpc17xx_wdt.o
 .bss           0x000000001000002c        0x0 /usr/local/carlson-minot/crosscompilers/lib/gcc/arm-none-eabi/4.7.3/thumb2/crtend.o
 .bss           0x000000001000002c        0x0 /usr/local/carlson-minot/crosscompilers/lib/gcc/arm-none-eabi/4.7.3/thumb2/crtn.o
 *(COMMON)
 COMMON         0x000000001000002c        0x4 LedBlinky.o
                0x000000001000002c                SysTickCnt
 *(.ram.b)
                0x0000000010000030                . = ALIGN (0x8)
                0x0000000010000030                _end = .
                0x0000000010000030                __end = .

.usb_ram
 *.o(USB_RAM)

.heap           0x0000000010000030     0x1000
 *(.heap)
 .heap          0x0000000010000030     0x1000 /Users/jalal/projects/arm/lpc17xx/luna/lpc17xx.cmsis.driver.library/Core/CM3/DeviceSupport/NXP/LPC17xx/startup/gcc/startup_LPC17xx.o
                0x0000000010000030                __cs3_heap_start
                0x0000000010001030                __cs3_heap_end

.stack          0x0000000010007f00      0x100
 *(.stack)
 .stack         0x0000000010007f00      0x100 /Users/jalal/projects/arm/lpc17xx/luna/lpc17xx.cmsis.driver.library/Core/CM3/DeviceSupport/NXP/LPC17xx/startup/gcc/startup_LPC17xx.o
                0x0000000010007f00                __cs3_stack_mem
                0x0000000010008000                _estack = .
                0x0000000010008000                PROVIDE (estack, .)
                0x0000000000001548                __cs3_region_init_ram = LOADADDR (.data)
                0x0000000000000010                __cs3_region_init_size_ram = (_edata - __cs3_region_start_ram)
                0x0000000000000020                __cs3_region_zero_size_ram = (_end - _edata)
                0x0000000000008000                __cs3_region_size_ram = 0x8000
                0x0000000000000001                __cs3_region_num = 0x1

.stab
 *(.stab)

.stabstr
 *(.stabstr)

.debug
 *(.debug)

.line
 *(.line)

.debug_srcinfo
 *(.debug_srcinfo)

.debug_sfnames
 *(.debug_sfnames)

.debug_aranges  0x0000000000000000      0x478
 *(.debug_aranges)
 .debug_aranges
                0x0000000000000000       0x50 LedBlinky.o
 .debug_aranges
                0x0000000000000050       0x18 /Users/jalal/projects/arm/lpc17xx/luna/lpc17xx.cmsis.driver.library/Core/CM3/CoreSupport/core_cm3.o
 .debug_aranges
                0x0000000000000068       0x28 /Users/jalal/projects/arm/lpc17xx/luna/lpc17xx.cmsis.driver.library/Core/CM3/DeviceSupport/NXP/LPC17xx/system_LPC17xx.o
 .debug_aranges
                0x0000000000000090       0x28 /Users/jalal/projects/arm/lpc17xx/luna/lpc17xx.cmsis.driver.library/Core/CM3/DeviceSupport/NXP/LPC17xx/startup/gcc/startup_LPC17xx.o
 .debug_aranges
                0x00000000000000b8       0x18 /Users/jalal/projects/arm/lpc17xx/luna/lpc17xx.cmsis.driver.library/Drivers/source/debug_frmwrk.o
 .debug_aranges
                0x00000000000000d0       0x18 /Users/jalal/projects/arm/lpc17xx/luna/lpc17xx.cmsis.driver.library/Drivers/source/lpc17xx_adc.o
 .debug_aranges
                0x00000000000000e8       0x18 /Users/jalal/projects/arm/lpc17xx/luna/lpc17xx.cmsis.driver.library/Drivers/source/lpc17xx_can.o
 .debug_aranges
                0x0000000000000100       0x58 /Users/jalal/projects/arm/lpc17xx/luna/lpc17xx.cmsis.driver.library/Drivers/source/lpc17xx_clkpwr.o
 .debug_aranges
                0x0000000000000158       0x18 /Users/jalal/projects/arm/lpc17xx/luna/lpc17xx.cmsis.driver.library/Drivers/source/lpc17xx_dac.o
 .debug_aranges
                0x0000000000000170       0x18 /Users/jalal/projects/arm/lpc17xx/luna/lpc17xx.cmsis.driver.library/Drivers/source/lpc17xx_emac.o
 .debug_aranges
                0x0000000000000188       0x18 /Users/jalal/projects/arm/lpc17xx/luna/lpc17xx.cmsis.driver.library/Drivers/source/lpc17xx_exti.o
 .debug_aranges
                0x00000000000001a0       0x18 /Users/jalal/projects/arm/lpc17xx/luna/lpc17xx.cmsis.driver.library/Drivers/source/lpc17xx_gpdma.o
 .debug_aranges
                0x00000000000001b8       0xf8 /Users/jalal/projects/arm/lpc17xx/luna/lpc17xx.cmsis.driver.library/Drivers/source/lpc17xx_gpio.o
 .debug_aranges
                0x00000000000002b0       0x18 /Users/jalal/projects/arm/lpc17xx/luna/lpc17xx.cmsis.driver.library/Drivers/source/lpc17xx_i2c.o
 .debug_aranges
                0x00000000000002c8       0x18 /Users/jalal/projects/arm/lpc17xx/luna/lpc17xx.cmsis.driver.library/Drivers/source/lpc17xx_i2s.o
 .debug_aranges
                0x00000000000002e0       0x18 /Users/jalal/projects/arm/lpc17xx/luna/lpc17xx.cmsis.driver.library/Drivers/source/lpc17xx_libcfg_default.o
 .debug_aranges
                0x00000000000002f8       0x18 /Users/jalal/projects/arm/lpc17xx/luna/lpc17xx.cmsis.driver.library/Drivers/source/lpc17xx_mcpwm.o
 .debug_aranges
                0x0000000000000310       0x30 /Users/jalal/projects/arm/lpc17xx/luna/lpc17xx.cmsis.driver.library/Drivers/source/lpc17xx_nvic.o
 .debug_aranges
                0x0000000000000340       0x48 /Users/jalal/projects/arm/lpc17xx/luna/lpc17xx.cmsis.driver.library/Drivers/source/lpc17xx_pinsel.o
 .debug_aranges
                0x0000000000000388       0x18 /Users/jalal/projects/arm/lpc17xx/luna/lpc17xx.cmsis.driver.library/Drivers/source/lpc17xx_pwm.o
 .debug_aranges
                0x00000000000003a0       0x18 /Users/jalal/projects/arm/lpc17xx/luna/lpc17xx.cmsis.driver.library/Drivers/source/lpc17xx_qei.o
 .debug_aranges
                0x00000000000003b8       0x18 /Users/jalal/projects/arm/lpc17xx/luna/lpc17xx.cmsis.driver.library/Drivers/source/lpc17xx_rit.o
 .debug_aranges
                0x00000000000003d0       0x18 /Users/jalal/projects/arm/lpc17xx/luna/lpc17xx.cmsis.driver.library/Drivers/source/lpc17xx_rtc.o
 .debug_aranges
                0x00000000000003e8       0x18 /Users/jalal/projects/arm/lpc17xx/luna/lpc17xx.cmsis.driver.library/Drivers/source/lpc17xx_spi.o
 .debug_aranges
                0x0000000000000400       0x18 /Users/jalal/projects/arm/lpc17xx/luna/lpc17xx.cmsis.driver.library/Drivers/source/lpc17xx_ssp.o
 .debug_aranges
                0x0000000000000418       0x18 /Users/jalal/projects/arm/lpc17xx/luna/lpc17xx.cmsis.driver.library/Drivers/source/lpc17xx_systick.o
 .debug_aranges
                0x0000000000000430       0x18 /Users/jalal/projects/arm/lpc17xx/luna/lpc17xx.cmsis.driver.library/Drivers/source/lpc17xx_timer.o
 .debug_aranges
                0x0000000000000448       0x18 /Users/jalal/projects/arm/lpc17xx/luna/lpc17xx.cmsis.driver.library/Drivers/source/lpc17xx_uart.o
 .debug_aranges
                0x0000000000000460       0x18 /Users/jalal/projects/arm/lpc17xx/luna/lpc17xx.cmsis.driver.library/Drivers/source/lpc17xx_wdt.o

.debug_pubnames
 *(.debug_pubnames)

.debug_info     0x0000000000000000     0x35bf
 *(.debug_info .gnu.linkonce.wi.*)
 .debug_info    0x0000000000000000      0x67e LedBlinky.o
 .debug_info    0x000000000000067e       0x60 /Users/jalal/projects/arm/lpc17xx/luna/lpc17xx.cmsis.driver.library/Core/CM3/CoreSupport/core_cm3.o
 .debug_info    0x00000000000006de      0x4f2 /Users/jalal/projects/arm/lpc17xx/luna/lpc17xx.cmsis.driver.library/Core/CM3/DeviceSupport/NXP/LPC17xx/system_LPC17xx.o
 .debug_info    0x0000000000000bd0      0x106 /Users/jalal/projects/arm/lpc17xx/luna/lpc17xx.cmsis.driver.library/Core/CM3/DeviceSupport/NXP/LPC17xx/startup/gcc/startup_LPC17xx.o
 .debug_info    0x0000000000000cd6       0x8c /Users/jalal/projects/arm/lpc17xx/luna/lpc17xx.cmsis.driver.library/Drivers/source/debug_frmwrk.o
 .debug_info    0x0000000000000d62       0x8c /Users/jalal/projects/arm/lpc17xx/luna/lpc17xx.cmsis.driver.library/Drivers/source/lpc17xx_adc.o
 .debug_info    0x0000000000000dee       0x8c /Users/jalal/projects/arm/lpc17xx/luna/lpc17xx.cmsis.driver.library/Drivers/source/lpc17xx_can.o
 .debug_info    0x0000000000000e7a      0x6b0 /Users/jalal/projects/arm/lpc17xx/luna/lpc17xx.cmsis.driver.library/Drivers/source/lpc17xx_clkpwr.o
 .debug_info    0x000000000000152a       0x8c /Users/jalal/projects/arm/lpc17xx/luna/lpc17xx.cmsis.driver.library/Drivers/source/lpc17xx_dac.o
 .debug_info    0x00000000000015b6       0x8c /Users/jalal/projects/arm/lpc17xx/luna/lpc17xx.cmsis.driver.library/Drivers/source/lpc17xx_emac.o
 .debug_info    0x0000000000001642       0x8c /Users/jalal/projects/arm/lpc17xx/luna/lpc17xx.cmsis.driver.library/Drivers/source/lpc17xx_exti.o
 .debug_info    0x00000000000016ce       0x8c /Users/jalal/projects/arm/lpc17xx/luna/lpc17xx.cmsis.driver.library/Drivers/source/lpc17xx_gpdma.o
 .debug_info    0x000000000000175a      0xe3a /Users/jalal/projects/arm/lpc17xx/luna/lpc17xx.cmsis.driver.library/Drivers/source/lpc17xx_gpio.o
 .debug_info    0x0000000000002594       0x8c /Users/jalal/projects/arm/lpc17xx/luna/lpc17xx.cmsis.driver.library/Drivers/source/lpc17xx_i2c.o
 .debug_info    0x0000000000002620       0x8c /Users/jalal/projects/arm/lpc17xx/luna/lpc17xx.cmsis.driver.library/Drivers/source/lpc17xx_i2s.o
 .debug_info    0x00000000000026ac       0x67 /Users/jalal/projects/arm/lpc17xx/luna/lpc17xx.cmsis.driver.library/Drivers/source/lpc17xx_libcfg_default.o
 .debug_info    0x0000000000002713       0x8c /Users/jalal/projects/arm/lpc17xx/luna/lpc17xx.cmsis.driver.library/Drivers/source/lpc17xx_mcpwm.o
 .debug_info    0x000000000000279f      0x3f8 /Users/jalal/projects/arm/lpc17xx/luna/lpc17xx.cmsis.driver.library/Drivers/source/lpc17xx_nvic.o
 .debug_info    0x0000000000002b97      0x4b0 /Users/jalal/projects/arm/lpc17xx/luna/lpc17xx.cmsis.driver.library/Drivers/source/lpc17xx_pinsel.o
 .debug_info    0x0000000000003047       0x8c /Users/jalal/projects/arm/lpc17xx/luna/lpc17xx.cmsis.driver.library/Drivers/source/lpc17xx_pwm.o
 .debug_info    0x00000000000030d3       0x8c /Users/jalal/projects/arm/lpc17xx/luna/lpc17xx.cmsis.driver.library/Drivers/source/lpc17xx_qei.o
 .debug_info    0x000000000000315f       0x8c /Users/jalal/projects/arm/lpc17xx/luna/lpc17xx.cmsis.driver.library/Drivers/source/lpc17xx_rit.o
 .debug_info    0x00000000000031eb       0x8c /Users/jalal/projects/arm/lpc17xx/luna/lpc17xx.cmsis.driver.library/Drivers/source/lpc17xx_rtc.o
 .debug_info    0x0000000000003277       0x8c /Users/jalal/projects/arm/lpc17xx/luna/lpc17xx.cmsis.driver.library/Drivers/source/lpc17xx_spi.o
 .debug_info    0x0000000000003303       0x8c /Users/jalal/projects/arm/lpc17xx/luna/lpc17xx.cmsis.driver.library/Drivers/source/lpc17xx_ssp.o
 .debug_info    0x000000000000338f       0x8c /Users/jalal/projects/arm/lpc17xx/luna/lpc17xx.cmsis.driver.library/Drivers/source/lpc17xx_systick.o
 .debug_info    0x000000000000341b       0x8c /Users/jalal/projects/arm/lpc17xx/luna/lpc17xx.cmsis.driver.library/Drivers/source/lpc17xx_timer.o
 .debug_info    0x00000000000034a7       0x8c /Users/jalal/projects/arm/lpc17xx/luna/lpc17xx.cmsis.driver.library/Drivers/source/lpc17xx_uart.o
 .debug_info    0x0000000000003533       0x8c /Users/jalal/projects/arm/lpc17xx/luna/lpc17xx.cmsis.driver.library/Drivers/source/lpc17xx_wdt.o

.debug_abbrev   0x0000000000000000      0xe8b
 *(.debug_abbrev)
 .debug_abbrev  0x0000000000000000      0x1fc LedBlinky.o
 .debug_abbrev  0x00000000000001fc       0x24 /Users/jalal/projects/arm/lpc17xx/luna/lpc17xx.cmsis.driver.library/Core/CM3/CoreSupport/core_cm3.o
 .debug_abbrev  0x0000000000000220       0xc9 /Users/jalal/projects/arm/lpc17xx/luna/lpc17xx.cmsis.driver.library/Core/CM3/DeviceSupport/NXP/LPC17xx/system_LPC17xx.o
 .debug_abbrev  0x00000000000002e9       0x12 /Users/jalal/projects/arm/lpc17xx/luna/lpc17xx.cmsis.driver.library/Core/CM3/DeviceSupport/NXP/LPC17xx/startup/gcc/startup_LPC17xx.o
 .debug_abbrev  0x00000000000002fb       0x49 /Users/jalal/projects/arm/lpc17xx/luna/lpc17xx.cmsis.driver.library/Drivers/source/debug_frmwrk.o
 .debug_abbrev  0x0000000000000344       0x49 /Users/jalal/projects/arm/lpc17xx/luna/lpc17xx.cmsis.driver.library/Drivers/source/lpc17xx_adc.o
 .debug_abbrev  0x000000000000038d       0x49 /Users/jalal/projects/arm/lpc17xx/luna/lpc17xx.cmsis.driver.library/Drivers/source/lpc17xx_can.o
 .debug_abbrev  0x00000000000003d6      0x18d /Users/jalal/projects/arm/lpc17xx/luna/lpc17xx.cmsis.driver.library/Drivers/source/lpc17xx_clkpwr.o
 .debug_abbrev  0x0000000000000563       0x49 /Users/jalal/projects/arm/lpc17xx/luna/lpc17xx.cmsis.driver.library/Drivers/source/lpc17xx_dac.o
 .debug_abbrev  0x00000000000005ac       0x49 /Users/jalal/projects/arm/lpc17xx/luna/lpc17xx.cmsis.driver.library/Drivers/source/lpc17xx_emac.o
 .debug_abbrev  0x00000000000005f5       0x49 /Users/jalal/projects/arm/lpc17xx/luna/lpc17xx.cmsis.driver.library/Drivers/source/lpc17xx_exti.o
 .debug_abbrev  0x000000000000063e       0x49 /Users/jalal/projects/arm/lpc17xx/luna/lpc17xx.cmsis.driver.library/Drivers/source/lpc17xx_gpdma.o
 .debug_abbrev  0x0000000000000687      0x20c /Users/jalal/projects/arm/lpc17xx/luna/lpc17xx.cmsis.driver.library/Drivers/source/lpc17xx_gpio.o
 .debug_abbrev  0x0000000000000893       0x49 /Users/jalal/projects/arm/lpc17xx/luna/lpc17xx.cmsis.driver.library/Drivers/source/lpc17xx_i2c.o
 .debug_abbrev  0x00000000000008dc       0x49 /Users/jalal/projects/arm/lpc17xx/luna/lpc17xx.cmsis.driver.library/Drivers/source/lpc17xx_i2s.o
 .debug_abbrev  0x0000000000000925       0x24 /Users/jalal/projects/arm/lpc17xx/luna/lpc17xx.cmsis.driver.library/Drivers/source/lpc17xx_libcfg_default.o
 .debug_abbrev  0x0000000000000949       0x49 /Users/jalal/projects/arm/lpc17xx/luna/lpc17xx.cmsis.driver.library/Drivers/source/lpc17xx_mcpwm.o
 .debug_abbrev  0x0000000000000992       0xe1 /Users/jalal/projects/arm/lpc17xx/luna/lpc17xx.cmsis.driver.library/Drivers/source/lpc17xx_nvic.o
 .debug_abbrev  0x0000000000000a73      0x13e /Users/jalal/projects/arm/lpc17xx/luna/lpc17xx.cmsis.driver.library/Drivers/source/lpc17xx_pinsel.o
 .debug_abbrev  0x0000000000000bb1       0x49 /Users/jalal/projects/arm/lpc17xx/luna/lpc17xx.cmsis.driver.library/Drivers/source/lpc17xx_pwm.o
 .debug_abbrev  0x0000000000000bfa       0x49 /Users/jalal/projects/arm/lpc17xx/luna/lpc17xx.cmsis.driver.library/Drivers/source/lpc17xx_qei.o
 .debug_abbrev  0x0000000000000c43       0x49 /Users/jalal/projects/arm/lpc17xx/luna/lpc17xx.cmsis.driver.library/Drivers/source/lpc17xx_rit.o
 .debug_abbrev  0x0000000000000c8c       0x49 /Users/jalal/projects/arm/lpc17xx/luna/lpc17xx.cmsis.driver.library/Drivers/source/lpc17xx_rtc.o
 .debug_abbrev  0x0000000000000cd5       0x49 /Users/jalal/projects/arm/lpc17xx/luna/lpc17xx.cmsis.driver.library/Drivers/source/lpc17xx_spi.o
 .debug_abbrev  0x0000000000000d1e       0x49 /Users/jalal/projects/arm/lpc17xx/luna/lpc17xx.cmsis.driver.library/Drivers/source/lpc17xx_ssp.o
 .debug_abbrev  0x0000000000000d67       0x49 /Users/jalal/projects/arm/lpc17xx/luna/lpc17xx.cmsis.driver.library/Drivers/source/lpc17xx_systick.o
 .debug_abbrev  0x0000000000000db0       0x49 /Users/jalal/projects/arm/lpc17xx/luna/lpc17xx.cmsis.driver.library/Drivers/source/lpc17xx_timer.o
 .debug_abbrev  0x0000000000000df9       0x49 /Users/jalal/projects/arm/lpc17xx/luna/lpc17xx.cmsis.driver.library/Drivers/source/lpc17xx_uart.o
 .debug_abbrev  0x0000000000000e42       0x49 /Users/jalal/projects/arm/lpc17xx/luna/lpc17xx.cmsis.driver.library/Drivers/source/lpc17xx_wdt.o

.debug_line     0x0000000000000000     0x233c
 *(.debug_line)
 .debug_line    0x0000000000000000      0x23e LedBlinky.o
 .debug_line    0x000000000000023e       0x1d /Users/jalal/projects/arm/lpc17xx/luna/lpc17xx.cmsis.driver.library/Core/CM3/CoreSupport/core_cm3.o
 .debug_line    0x000000000000025b      0x1f1 /Users/jalal/projects/arm/lpc17xx/luna/lpc17xx.cmsis.driver.library/Core/CM3/DeviceSupport/NXP/LPC17xx/system_LPC17xx.o
 .debug_line    0x000000000000044c       0xd5 /Users/jalal/projects/arm/lpc17xx/luna/lpc17xx.cmsis.driver.library/Core/CM3/DeviceSupport/NXP/LPC17xx/startup/gcc/startup_LPC17xx.o
 .debug_line    0x0000000000000521       0xe0 /Users/jalal/projects/arm/lpc17xx/luna/lpc17xx.cmsis.driver.library/Drivers/source/debug_frmwrk.o
 .debug_line    0x0000000000000601       0xe0 /Users/jalal/projects/arm/lpc17xx/luna/lpc17xx.cmsis.driver.library/Drivers/source/lpc17xx_adc.o
 .debug_line    0x00000000000006e1       0xe0 /Users/jalal/projects/arm/lpc17xx/luna/lpc17xx.cmsis.driver.library/Drivers/source/lpc17xx_can.o
 .debug_line    0x00000000000007c1      0x332 /Users/jalal/projects/arm/lpc17xx/luna/lpc17xx.cmsis.driver.library/Drivers/source/lpc17xx_clkpwr.o
 .debug_line    0x0000000000000af3       0xe0 /Users/jalal/projects/arm/lpc17xx/luna/lpc17xx.cmsis.driver.library/Drivers/source/lpc17xx_dac.o
 .debug_line    0x0000000000000bd3       0xe0 /Users/jalal/projects/arm/lpc17xx/luna/lpc17xx.cmsis.driver.library/Drivers/source/lpc17xx_emac.o
 .debug_line    0x0000000000000cb3       0xe0 /Users/jalal/projects/arm/lpc17xx/luna/lpc17xx.cmsis.driver.library/Drivers/source/lpc17xx_exti.o
 .debug_line    0x0000000000000d93       0xe0 /Users/jalal/projects/arm/lpc17xx/luna/lpc17xx.cmsis.driver.library/Drivers/source/lpc17xx_gpdma.o
 .debug_line    0x0000000000000e73      0x4e4 /Users/jalal/projects/arm/lpc17xx/luna/lpc17xx.cmsis.driver.library/Drivers/source/lpc17xx_gpio.o
 .debug_line    0x0000000000001357       0xe0 /Users/jalal/projects/arm/lpc17xx/luna/lpc17xx.cmsis.driver.library/Drivers/source/lpc17xx_i2c.o
 .debug_line    0x0000000000001437       0xe0 /Users/jalal/projects/arm/lpc17xx/luna/lpc17xx.cmsis.driver.library/Drivers/source/lpc17xx_i2s.o
 .debug_line    0x0000000000001517       0x1d /Users/jalal/projects/arm/lpc17xx/luna/lpc17xx.cmsis.driver.library/Drivers/source/lpc17xx_libcfg_default.o
 .debug_line    0x0000000000001534       0xe0 /Users/jalal/projects/arm/lpc17xx/luna/lpc17xx.cmsis.driver.library/Drivers/source/lpc17xx_mcpwm.o
 .debug_line    0x0000000000001614      0x1aa /Users/jalal/projects/arm/lpc17xx/luna/lpc17xx.cmsis.driver.library/Drivers/source/lpc17xx_nvic.o
 .debug_line    0x00000000000017be      0x2be /Users/jalal/projects/arm/lpc17xx/luna/lpc17xx.cmsis.driver.library/Drivers/source/lpc17xx_pinsel.o
 .debug_line    0x0000000000001a7c       0xe0 /Users/jalal/projects/arm/lpc17xx/luna/lpc17xx.cmsis.driver.library/Drivers/source/lpc17xx_pwm.o
 .debug_line    0x0000000000001b5c       0xe0 /Users/jalal/projects/arm/lpc17xx/luna/lpc17xx.cmsis.driver.library/Drivers/source/lpc17xx_qei.o
 .debug_line    0x0000000000001c3c       0xe0 /Users/jalal/projects/arm/lpc17xx/luna/lpc17xx.cmsis.driver.library/Drivers/source/lpc17xx_rit.o
 .debug_line    0x0000000000001d1c       0xe0 /Users/jalal/projects/arm/lpc17xx/luna/lpc17xx.cmsis.driver.library/Drivers/source/lpc17xx_rtc.o
 .debug_line    0x0000000000001dfc       0xe0 /Users/jalal/projects/arm/lpc17xx/luna/lpc17xx.cmsis.driver.library/Drivers/source/lpc17xx_spi.o
 .debug_line    0x0000000000001edc       0xe0 /Users/jalal/projects/arm/lpc17xx/luna/lpc17xx.cmsis.driver.library/Drivers/source/lpc17xx_ssp.o
 .debug_line    0x0000000000001fbc       0xe0 /Users/jalal/projects/arm/lpc17xx/luna/lpc17xx.cmsis.driver.library/Drivers/source/lpc17xx_systick.o
 .debug_line    0x000000000000209c       0xe0 /Users/jalal/projects/arm/lpc17xx/luna/lpc17xx.cmsis.driver.library/Drivers/source/lpc17xx_timer.o
 .debug_line    0x000000000000217c       0xe0 /Users/jalal/projects/arm/lpc17xx/luna/lpc17xx.cmsis.driver.library/Drivers/source/lpc17xx_uart.o
 .debug_line    0x000000000000225c       0xe0 /Users/jalal/projects/arm/lpc17xx/luna/lpc17xx.cmsis.driver.library/Drivers/source/lpc17xx_wdt.o

.debug_frame    0x0000000000000000      0x694
 *(.debug_frame)
 .debug_frame   0x0000000000000000       0xd8 LedBlinky.o
 .debug_frame   0x00000000000000d8       0x40 /Users/jalal/projects/arm/lpc17xx/luna/lpc17xx.cmsis.driver.library/Core/CM3/DeviceSupport/NXP/LPC17xx/system_LPC17xx.o
 .debug_frame   0x0000000000000118       0xe4 /Users/jalal/projects/arm/lpc17xx/luna/lpc17xx.cmsis.driver.library/Drivers/source/lpc17xx_clkpwr.o
 .debug_frame   0x00000000000001fc      0x378 /Users/jalal/projects/arm/lpc17xx/luna/lpc17xx.cmsis.driver.library/Drivers/source/lpc17xx_gpio.o
 .debug_frame   0x0000000000000574       0x64 /Users/jalal/projects/arm/lpc17xx/luna/lpc17xx.cmsis.driver.library/Drivers/source/lpc17xx_nvic.o
 .debug_frame   0x00000000000005d8       0xbc /Users/jalal/projects/arm/lpc17xx/luna/lpc17xx.cmsis.driver.library/Drivers/source/lpc17xx_pinsel.o

.debug_str      0x0000000000000000     0x1746
 *(.debug_str)
 .debug_str     0x0000000000000000      0x44c LedBlinky.o
                                        0x497 (size before relaxing)
 .debug_str     0x000000000000044c       0x64 /Users/jalal/projects/arm/lpc17xx/luna/lpc17xx.cmsis.driver.library/Core/CM3/CoreSupport/core_cm3.o
                                         0xf4 (size before relaxing)
 .debug_str     0x00000000000004b0      0x1b1 /Users/jalal/projects/arm/lpc17xx/luna/lpc17xx.cmsis.driver.library/Core/CM3/DeviceSupport/NXP/LPC17xx/system_LPC17xx.o
                                        0x300 (size before relaxing)
 .debug_str     0x0000000000000661       0x62 /Users/jalal/projects/arm/lpc17xx/luna/lpc17xx.cmsis.driver.library/Drivers/source/debug_frmwrk.o
                                        0x115 (size before relaxing)
 .debug_str     0x00000000000006c3       0x61 /Users/jalal/projects/arm/lpc17xx/luna/lpc17xx.cmsis.driver.library/Drivers/source/lpc17xx_adc.o
                                        0x114 (size before relaxing)
 .debug_str     0x0000000000000724       0x61 /Users/jalal/projects/arm/lpc17xx/luna/lpc17xx.cmsis.driver.library/Drivers/source/lpc17xx_can.o
                                        0x114 (size before relaxing)
 .debug_str     0x0000000000000785      0x13f /Users/jalal/projects/arm/lpc17xx/luna/lpc17xx.cmsis.driver.library/Drivers/source/lpc17xx_clkpwr.o
                                        0x3ab (size before relaxing)
 .debug_str     0x00000000000008c4       0x61 /Users/jalal/projects/arm/lpc17xx/luna/lpc17xx.cmsis.driver.library/Drivers/source/lpc17xx_dac.o
                                        0x114 (size before relaxing)
 .debug_str     0x0000000000000925       0x62 /Users/jalal/projects/arm/lpc17xx/luna/lpc17xx.cmsis.driver.library/Drivers/source/lpc17xx_emac.o
                                        0x115 (size before relaxing)
 .debug_str     0x0000000000000987       0x62 /Users/jalal/projects/arm/lpc17xx/luna/lpc17xx.cmsis.driver.library/Drivers/source/lpc17xx_exti.o
                                        0x115 (size before relaxing)
 .debug_str     0x00000000000009e9       0x63 /Users/jalal/projects/arm/lpc17xx/luna/lpc17xx.cmsis.driver.library/Drivers/source/lpc17xx_gpdma.o
                                        0x116 (size before relaxing)
 .debug_str     0x0000000000000a4c      0x479 /Users/jalal/projects/arm/lpc17xx/luna/lpc17xx.cmsis.driver.library/Drivers/source/lpc17xx_gpio.o
                                        0x570 (size before relaxing)
 .debug_str     0x0000000000000ec5       0x61 /Users/jalal/projects/arm/lpc17xx/luna/lpc17xx.cmsis.driver.library/Drivers/source/lpc17xx_i2c.o
                                        0x114 (size before relaxing)
 .debug_str     0x0000000000000f26       0x61 /Users/jalal/projects/arm/lpc17xx/luna/lpc17xx.cmsis.driver.library/Drivers/source/lpc17xx_i2s.o
                                        0x114 (size before relaxing)
 .debug_str     0x0000000000000f87       0x6c /Users/jalal/projects/arm/lpc17xx/luna/lpc17xx.cmsis.driver.library/Drivers/source/lpc17xx_libcfg_default.o
                                        0x101 (size before relaxing)
 .debug_str     0x0000000000000ff3       0x63 /Users/jalal/projects/arm/lpc17xx/luna/lpc17xx.cmsis.driver.library/Drivers/source/lpc17xx_mcpwm.o
                                        0x116 (size before relaxing)
 .debug_str     0x0000000000001056       0x91 /Users/jalal/projects/arm/lpc17xx/luna/lpc17xx.cmsis.driver.library/Drivers/source/lpc17xx_nvic.o
                                        0x206 (size before relaxing)
 .debug_str     0x00000000000010e7      0x28e /Users/jalal/projects/arm/lpc17xx/luna/lpc17xx.cmsis.driver.library/Drivers/source/lpc17xx_pinsel.o
                                        0x384 (size before relaxing)
 .debug_str     0x0000000000001375       0x61 /Users/jalal/projects/arm/lpc17xx/luna/lpc17xx.cmsis.driver.library/Drivers/source/lpc17xx_pwm.o
                                        0x114 (size before relaxing)
 .debug_str     0x00000000000013d6       0x61 /Users/jalal/projects/arm/lpc17xx/luna/lpc17xx.cmsis.driver.library/Drivers/source/lpc17xx_qei.o
                                        0x114 (size before relaxing)
 .debug_str     0x0000000000001437       0x61 /Users/jalal/projects/arm/lpc17xx/luna/lpc17xx.cmsis.driver.library/Drivers/source/lpc17xx_rit.o
                                        0x114 (size before relaxing)
 .debug_str     0x0000000000001498       0x61 /Users/jalal/projects/arm/lpc17xx/luna/lpc17xx.cmsis.driver.library/Drivers/source/lpc17xx_rtc.o
                                        0x114 (size before relaxing)
 .debug_str     0x00000000000014f9       0x61 /Users/jalal/projects/arm/lpc17xx/luna/lpc17xx.cmsis.driver.library/Drivers/source/lpc17xx_spi.o
                                        0x114 (size before relaxing)
 .debug_str     0x000000000000155a       0x61 /Users/jalal/projects/arm/lpc17xx/luna/lpc17xx.cmsis.driver.library/Drivers/source/lpc17xx_ssp.o
                                        0x114 (size before relaxing)
 .debug_str     0x00000000000015bb       0x65 /Users/jalal/projects/arm/lpc17xx/luna/lpc17xx.cmsis.driver.library/Drivers/source/lpc17xx_systick.o
                                        0x118 (size before relaxing)
 .debug_str     0x0000000000001620       0x63 /Users/jalal/projects/arm/lpc17xx/luna/lpc17xx.cmsis.driver.library/Drivers/source/lpc17xx_timer.o
                                        0x116 (size before relaxing)
 .debug_str     0x0000000000001683       0x62 /Users/jalal/projects/arm/lpc17xx/luna/lpc17xx.cmsis.driver.library/Drivers/source/lpc17xx_uart.o
                                        0x115 (size before relaxing)
 .debug_str     0x00000000000016e5       0x61 /Users/jalal/projects/arm/lpc17xx/luna/lpc17xx.cmsis.driver.library/Drivers/source/lpc17xx_wdt.o
                                        0x114 (size before relaxing)

.debug_loc      0x0000000000000000      0xb70
 *(.debug_loc)
 .debug_loc     0x0000000000000000      0x170 LedBlinky.o
 .debug_loc     0x0000000000000170       0x58 /Users/jalal/projects/arm/lpc17xx/luna/lpc17xx.cmsis.driver.library/Core/CM3/DeviceSupport/NXP/LPC17xx/system_LPC17xx.o
 .debug_loc     0x00000000000001c8      0x190 /Users/jalal/projects/arm/lpc17xx/luna/lpc17xx.cmsis.driver.library/Drivers/source/lpc17xx_clkpwr.o
 .debug_loc     0x0000000000000358      0x620 /Users/jalal/projects/arm/lpc17xx/luna/lpc17xx.cmsis.driver.library/Drivers/source/lpc17xx_gpio.o
 .debug_loc     0x0000000000000978       0xa8 /Users/jalal/projects/arm/lpc17xx/luna/lpc17xx.cmsis.driver.library/Drivers/source/lpc17xx_nvic.o
 .debug_loc     0x0000000000000a20      0x150 /Users/jalal/projects/arm/lpc17xx/luna/lpc17xx.cmsis.driver.library/Drivers/source/lpc17xx_pinsel.o

.comment        0x0000000000000000       0x3c
 .comment       0x0000000000000000       0x3c /usr/local/carlson-minot/crosscompilers/lib/gcc/arm-none-eabi/4.7.3/thumb2/crtbegin.o
                                         0x3d (size before relaxing)
 .comment       0x0000000000000000       0x3d LedBlinky.o
 .comment       0x0000000000000000       0x3d /Users/jalal/projects/arm/lpc17xx/luna/lpc17xx.cmsis.driver.library/Core/CM3/CoreSupport/core_cm3.o
 .comment       0x0000000000000000       0x3d /Users/jalal/projects/arm/lpc17xx/luna/lpc17xx.cmsis.driver.library/Core/CM3/DeviceSupport/NXP/LPC17xx/system_LPC17xx.o
 .comment       0x0000000000000000       0x3d /Users/jalal/projects/arm/lpc17xx/luna/lpc17xx.cmsis.driver.library/Drivers/source/debug_frmwrk.o
 .comment       0x0000000000000000       0x3d /Users/jalal/projects/arm/lpc17xx/luna/lpc17xx.cmsis.driver.library/Drivers/source/lpc17xx_adc.o
 .comment       0x0000000000000000       0x3d /Users/jalal/projects/arm/lpc17xx/luna/lpc17xx.cmsis.driver.library/Drivers/source/lpc17xx_can.o
 .comment       0x0000000000000000       0x3d /Users/jalal/projects/arm/lpc17xx/luna/lpc17xx.cmsis.driver.library/Drivers/source/lpc17xx_clkpwr.o
 .comment       0x0000000000000000       0x3d /Users/jalal/projects/arm/lpc17xx/luna/lpc17xx.cmsis.driver.library/Drivers/source/lpc17xx_dac.o
 .comment       0x0000000000000000       0x3d /Users/jalal/projects/arm/lpc17xx/luna/lpc17xx.cmsis.driver.library/Drivers/source/lpc17xx_emac.o
 .comment       0x0000000000000000       0x3d /Users/jalal/projects/arm/lpc17xx/luna/lpc17xx.cmsis.driver.library/Drivers/source/lpc17xx_exti.o
 .comment       0x0000000000000000       0x3d /Users/jalal/projects/arm/lpc17xx/luna/lpc17xx.cmsis.driver.library/Drivers/source/lpc17xx_gpdma.o
 .comment       0x0000000000000000       0x3d /Users/jalal/projects/arm/lpc17xx/luna/lpc17xx.cmsis.driver.library/Drivers/source/lpc17xx_gpio.o
 .comment       0x0000000000000000       0x3d /Users/jalal/projects/arm/lpc17xx/luna/lpc17xx.cmsis.driver.library/Drivers/source/lpc17xx_i2c.o
 .comment       0x0000000000000000       0x3d /Users/jalal/projects/arm/lpc17xx/luna/lpc17xx.cmsis.driver.library/Drivers/source/lpc17xx_i2s.o
 .comment       0x0000000000000000       0x3d /Users/jalal/projects/arm/lpc17xx/luna/lpc17xx.cmsis.driver.library/Drivers/source/lpc17xx_libcfg_default.o
 .comment       0x0000000000000000       0x3d /Users/jalal/projects/arm/lpc17xx/luna/lpc17xx.cmsis.driver.library/Drivers/source/lpc17xx_mcpwm.o
 .comment       0x0000000000000000       0x3d /Users/jalal/projects/arm/lpc17xx/luna/lpc17xx.cmsis.driver.library/Drivers/source/lpc17xx_nvic.o
 .comment       0x0000000000000000       0x3d /Users/jalal/projects/arm/lpc17xx/luna/lpc17xx.cmsis.driver.library/Drivers/source/lpc17xx_pinsel.o
 .comment       0x0000000000000000       0x3d /Users/jalal/projects/arm/lpc17xx/luna/lpc17xx.cmsis.driver.library/Drivers/source/lpc17xx_pwm.o
 .comment       0x0000000000000000       0x3d /Users/jalal/projects/arm/lpc17xx/luna/lpc17xx.cmsis.driver.library/Drivers/source/lpc17xx_qei.o
 .comment       0x0000000000000000       0x3d /Users/jalal/projects/arm/lpc17xx/luna/lpc17xx.cmsis.driver.library/Drivers/source/lpc17xx_rit.o
 .comment       0x0000000000000000       0x3d /Users/jalal/projects/arm/lpc17xx/luna/lpc17xx.cmsis.driver.library/Drivers/source/lpc17xx_rtc.o
 .comment       0x0000000000000000       0x3d /Users/jalal/projects/arm/lpc17xx/luna/lpc17xx.cmsis.driver.library/Drivers/source/lpc17xx_spi.o
 .comment       0x0000000000000000       0x3d /Users/jalal/projects/arm/lpc17xx/luna/lpc17xx.cmsis.driver.library/Drivers/source/lpc17xx_ssp.o
 .comment       0x0000000000000000       0x3d /Users/jalal/projects/arm/lpc17xx/luna/lpc17xx.cmsis.driver.library/Drivers/source/lpc17xx_systick.o
 .comment       0x0000000000000000       0x3d /Users/jalal/projects/arm/lpc17xx/luna/lpc17xx.cmsis.driver.library/Drivers/source/lpc17xx_timer.o
 .comment       0x0000000000000000       0x3d /Users/jalal/projects/arm/lpc17xx/luna/lpc17xx.cmsis.driver.library/Drivers/source/lpc17xx_uart.o
 .comment       0x0000000000000000       0x3d /Users/jalal/projects/arm/lpc17xx/luna/lpc17xx.cmsis.driver.library/Drivers/source/lpc17xx_wdt.o
 .comment       0x0000000000000000       0x3d /usr/local/carlson-minot/crosscompilers/lib/gcc/arm-none-eabi/4.7.3/thumb2/crtend.o

.debug_macinfo
 *(.debug_macinfo)

.debug_weaknames
 *(.debug_weaknames)

.debug_funcnames
 *(.debug_funcnames)

.debug_typenames
 *(.debug_typenames)

.debug_varnames
 *(.debug_varnames)

.note.gnu.arm.ident
 *(.note.gnu.arm.ident)

.ARM.attributes
                0x0000000000000000       0x27
 *(.ARM.attributes)
 .ARM.attributes
                0x0000000000000000       0x19 /usr/local/carlson-minot/crosscompilers/lib/gcc/arm-none-eabi/4.7.3/thumb2/crti.o
 .ARM.attributes
                0x0000000000000019       0x29 /usr/local/carlson-minot/crosscompilers/lib/gcc/arm-none-eabi/4.7.3/thumb2/crtbegin.o
 .ARM.attributes
                0x0000000000000042       0x33 LedBlinky.o
 .ARM.attributes
                0x0000000000000075       0x33 /Users/jalal/projects/arm/lpc17xx/luna/lpc17xx.cmsis.driver.library/Core/CM3/CoreSupport/core_cm3.o
 .ARM.attributes
                0x00000000000000a8       0x33 /Users/jalal/projects/arm/lpc17xx/luna/lpc17xx.cmsis.driver.library/Core/CM3/DeviceSupport/NXP/LPC17xx/system_LPC17xx.o
 .ARM.attributes
                0x00000000000000db       0x21 /Users/jalal/projects/arm/lpc17xx/luna/lpc17xx.cmsis.driver.library/Core/CM3/DeviceSupport/NXP/LPC17xx/startup/gcc/startup_LPC17xx.o
 .ARM.attributes
                0x00000000000000fc       0x33 /Users/jalal/projects/arm/lpc17xx/luna/lpc17xx.cmsis.driver.library/Drivers/source/debug_frmwrk.o
 .ARM.attributes
                0x000000000000012f       0x33 /Users/jalal/projects/arm/lpc17xx/luna/lpc17xx.cmsis.driver.library/Drivers/source/lpc17xx_adc.o
 .ARM.attributes
                0x0000000000000162       0x33 /Users/jalal/projects/arm/lpc17xx/luna/lpc17xx.cmsis.driver.library/Drivers/source/lpc17xx_can.o
 .ARM.attributes
                0x0000000000000195       0x33 /Users/jalal/projects/arm/lpc17xx/luna/lpc17xx.cmsis.driver.library/Drivers/source/lpc17xx_clkpwr.o
 .ARM.attributes
                0x00000000000001c8       0x33 /Users/jalal/projects/arm/lpc17xx/luna/lpc17xx.cmsis.driver.library/Drivers/source/lpc17xx_dac.o
 .ARM.attributes
                0x00000000000001fb       0x33 /Users/jalal/projects/arm/lpc17xx/luna/lpc17xx.cmsis.driver.library/Drivers/source/lpc17xx_emac.o
 .ARM.attributes
                0x000000000000022e       0x33 /Users/jalal/projects/arm/lpc17xx/luna/lpc17xx.cmsis.driver.library/Drivers/source/lpc17xx_exti.o
 .ARM.attributes
                0x0000000000000261       0x33 /Users/jalal/projects/arm/lpc17xx/luna/lpc17xx.cmsis.driver.library/Drivers/source/lpc17xx_gpdma.o
 .ARM.attributes
                0x0000000000000294       0x33 /Users/jalal/projects/arm/lpc17xx/luna/lpc17xx.cmsis.driver.library/Drivers/source/lpc17xx_gpio.o
 .ARM.attributes
                0x00000000000002c7       0x33 /Users/jalal/projects/arm/lpc17xx/luna/lpc17xx.cmsis.driver.library/Drivers/source/lpc17xx_i2c.o
 .ARM.attributes
                0x00000000000002fa       0x33 /Users/jalal/projects/arm/lpc17xx/luna/lpc17xx.cmsis.driver.library/Drivers/source/lpc17xx_i2s.o
 .ARM.attributes
                0x000000000000032d       0x33 /Users/jalal/projects/arm/lpc17xx/luna/lpc17xx.cmsis.driver.library/Drivers/source/lpc17xx_libcfg_default.o
 .ARM.attributes
                0x0000000000000360       0x33 /Users/jalal/projects/arm/lpc17xx/luna/lpc17xx.cmsis.driver.library/Drivers/source/lpc17xx_mcpwm.o
 .ARM.attributes
                0x0000000000000393       0x33 /Users/jalal/projects/arm/lpc17xx/luna/lpc17xx.cmsis.driver.library/Drivers/source/lpc17xx_nvic.o
 .ARM.attributes
                0x00000000000003c6       0x33 /Users/jalal/projects/arm/lpc17xx/luna/lpc17xx.cmsis.driver.library/Drivers/source/lpc17xx_pinsel.o
 .ARM.attributes
                0x00000000000003f9       0x33 /Users/jalal/projects/arm/lpc17xx/luna/lpc17xx.cmsis.driver.library/Drivers/source/lpc17xx_pwm.o
 .ARM.attributes
                0x000000000000042c       0x33 /Users/jalal/projects/arm/lpc17xx/luna/lpc17xx.cmsis.driver.library/Drivers/source/lpc17xx_qei.o
 .ARM.attributes
                0x000000000000045f       0x33 /Users/jalal/projects/arm/lpc17xx/luna/lpc17xx.cmsis.driver.library/Drivers/source/lpc17xx_rit.o
 .ARM.attributes
                0x0000000000000492       0x33 /Users/jalal/projects/arm/lpc17xx/luna/lpc17xx.cmsis.driver.library/Drivers/source/lpc17xx_rtc.o
 .ARM.attributes
                0x00000000000004c5       0x33 /Users/jalal/projects/arm/lpc17xx/luna/lpc17xx.cmsis.driver.library/Drivers/source/lpc17xx_spi.o
 .ARM.attributes
                0x00000000000004f8       0x33 /Users/jalal/projects/arm/lpc17xx/luna/lpc17xx.cmsis.driver.library/Drivers/source/lpc17xx_ssp.o
 .ARM.attributes
                0x000000000000052b       0x33 /Users/jalal/projects/arm/lpc17xx/luna/lpc17xx.cmsis.driver.library/Drivers/source/lpc17xx_systick.o
 .ARM.attributes
                0x000000000000055e       0x33 /Users/jalal/projects/arm/lpc17xx/luna/lpc17xx.cmsis.driver.library/Drivers/source/lpc17xx_timer.o
 .ARM.attributes
                0x0000000000000591       0x33 /Users/jalal/projects/arm/lpc17xx/luna/lpc17xx.cmsis.driver.library/Drivers/source/lpc17xx_uart.o
 .ARM.attributes
                0x00000000000005c4       0x33 /Users/jalal/projects/arm/lpc17xx/luna/lpc17xx.cmsis.driver.library/Drivers/source/lpc17xx_wdt.o
 .ARM.attributes
                0x00000000000005f7       0x29 /usr/local/carlson-minot/crosscompilers/lib/gcc/arm-none-eabi/4.7.3/thumb2/crtend.o
 .ARM.attributes
                0x0000000000000620       0x19 /usr/local/carlson-minot/crosscompilers/lib/gcc/arm-none-eabi/4.7.3/thumb2/crtn.o

/DISCARD/
 *(.note.GNU-stack)
START GROUP
LOAD /usr/local/carlson-minot/crosscompilers/lib/gcc/arm-none-eabi/4.7.3/thumb2/libgcc.a
LOAD /usr/local/carlson-minot/crosscompilers/arm-none-eabi/lib/thumb2/libc.a
END GROUP
LOAD /usr/local/carlson-minot/crosscompilers/lib/gcc/arm-none-eabi/4.7.3/thumb2/crtend.o
LOAD /usr/local/carlson-minot/crosscompilers/lib/gcc/arm-none-eabi/4.7.3/thumb2/crtn.o
OUTPUT(LedBlinky.elf elf32-littlearm)

.debug_ranges   0x0000000000000000      0x200
 .debug_ranges  0x0000000000000000       0x40 LedBlinky.o
 .debug_ranges  0x0000000000000040       0x18 /Users/jalal/projects/arm/lpc17xx/luna/lpc17xx.cmsis.driver.library/Core/CM3/DeviceSupport/NXP/LPC17xx/system_LPC17xx.o
 .debug_ranges  0x0000000000000058       0x20 /Users/jalal/projects/arm/lpc17xx/luna/lpc17xx.cmsis.driver.library/Core/CM3/DeviceSupport/NXP/LPC17xx/startup/gcc/startup_LPC17xx.o
 .debug_ranges  0x0000000000000078       0x48 /Users/jalal/projects/arm/lpc17xx/luna/lpc17xx.cmsis.driver.library/Drivers/source/lpc17xx_clkpwr.o
 .debug_ranges  0x00000000000000c0       0xe8 /Users/jalal/projects/arm/lpc17xx/luna/lpc17xx.cmsis.driver.library/Drivers/source/lpc17xx_gpio.o
 .debug_ranges  0x00000000000001a8       0x20 /Users/jalal/projects/arm/lpc17xx/luna/lpc17xx.cmsis.driver.library/Drivers/source/lpc17xx_nvic.o
 .debug_ranges  0x00000000000001c8       0x38 /Users/jalal/projects/arm/lpc17xx/luna/lpc17xx.cmsis.driver.library/Drivers/source/lpc17xx_pinsel.o
